
> naija-amebo-gist@0.1.0 build
> next build

Γû▓ Next.js 16.1.1 (Turbopack)

  Creating an optimized production build ...
Γ£ô Compiled successfully in 58s
  Running TypeScript ...
  Collecting page data using 7 workers ...
  Generating static pages using 7 workers (0/113) ...
npm : ΓÜá Unsupported metadata viewport 
is configured in metadata export in 
/features/statement-compare. Please 
move it to viewport export instead.
At line:1 char:55
+ ... s\NAIJA AMEBO GIST" ; npm run 
build 2>&1 > "build-output.txt" ; if ($ 
...
+                           
~~~~~~~~~~~~~~~~~~~~~~~~~~~~~~~~~~~~~~~
    + CategoryInfo          : NotSpecif 
   ied: (ΓÜá Unsupported...export inst  
  ead.:String) [], RemoteException
    + FullyQualifiedErrorId : NativeCom 
   mandError
 
Read more: https://nextjs.org/docs/app/a
pi-reference/functions/generate-viewport
ΓÜá Unsupported metadata viewport is 
configured in metadata export in 
/login. Please move it to viewport 
export instead.
Read more: https://nextjs.org/docs/app/a
pi-reference/functions/generate-viewport
ΓÜá Unsupported metadata viewport is 
configured in metadata export in 
/features/anniversaries. Please move it 
to viewport export instead.
Read more: https://nextjs.org/docs/app/a
pi-reference/functions/generate-viewport
ΓÜá Unsupported metadata viewport is 
configured in metadata export in 
/features/hall-of-fame. Please move it 
to viewport export instead.
Read more: https://nextjs.org/docs/app/a
pi-reference/functions/generate-viewport
ΓÜá Unsupported metadata viewport is 
configured in metadata export in 
/_not-found. Please move it to viewport 
export instead.
Read more: https://nextjs.org/docs/app/a
pi-reference/functions/generate-viewport
ΓÜá Unsupported metadata viewport is 
configured in metadata export in 
/features/source-attribution. Please 
move it to viewport export instead.
Read more: https://nextjs.org/docs/app/a
pi-reference/functions/generate-viewport
ΓÜá Unsupported metadata viewport is 
configured in metadata export in 
/features/tag-linking. Please move it 
to viewport export instead.
Read more: https://nextjs.org/docs/app/a
pi-reference/functions/generate-viewport
ΓÜá Unsupported metadata viewport is 
configured in metadata export in 
/features/handle-verifier. Please move 
it to viewport export instead.
Read more: https://nextjs.org/docs/app/a
pi-reference/functions/generate-viewport
ΓÜá Unsupported metadata viewport is 
configured in metadata export in 
/features/apology-archive. Please move 
it to viewport export instead.
Read more: https://nextjs.org/docs/app/a
pi-reference/functions/generate-viewport
ΓÜá Unsupported metadata viewport is 
configured in metadata export in 
/features/timeline-compare. Please move 
it to viewport export instead.
Read more: https://nextjs.org/docs/app/a
pi-reference/functions/generate-viewport
ΓÜá Unsupported metadata viewport is 
configured in metadata export in 
/features/legal-tracker. Please move it 
to viewport export instead.
Read more: https://nextjs.org/docs/app/a
pi-reference/functions/generate-viewport
ΓÜá Unsupported metadata viewport is 
configured in metadata export in 
/features/auto-pin-gist. Please move it 
to viewport export instead.
Read more: https://nextjs.org/docs/app/a
pi-reference/functions/generate-viewport
ΓÜá Unsupported metadata viewport is 
configured in metadata export in 
/about-us. Please move it to viewport 
export instead.
Read more: https://nextjs.org/docs/app/a
pi-reference/functions/generate-viewport
ΓÜá Unsupported metadata viewport is 
configured in metadata export in 
/features/story-drop-countdown. Please 
move it to viewport export instead.
Read more: https://nextjs.org/docs/app/a
pi-reference/functions/generate-viewport
ΓÜá Unsupported metadata viewport is 
configured in metadata export in 
/features/birthday-alerts. Please move 
it to viewport export instead.
Read more: https://nextjs.org/docs/app/a
pi-reference/functions/generate-viewport
ΓÜá Unsupported metadata viewport is 
configured in metadata export in 
/features/long-read. Please move it to 
viewport export instead.
Read more: https://nextjs.org/docs/app/a
pi-reference/functions/generate-viewport
ΓÜá Unsupported metadata viewport is 
configured in metadata export in 
/features/brand-tracker. Please move it 
to viewport export instead.
Read more: https://nextjs.org/docs/app/a
pi-reference/functions/generate-viewport
ΓÜá Unsupported metadata viewport is 
configured in metadata export in 
/features/tldr. Please move it to 
viewport export instead.
Read more: https://nextjs.org/docs/app/a
pi-reference/functions/generate-viewport
ΓÜá Unsupported metadata viewport is 
configured in metadata export in 
/about. Please move it to viewport 
export instead.
Read more: https://nextjs.org/docs/app/a
pi-reference/functions/generate-viewport
ΓÜá Unsupported metadata viewport is 
configured in metadata export in 
/features/loyalty-streaks. Please move 
it to viewport export instead.
Read more: https://nextjs.org/docs/app/a
pi-reference/functions/generate-viewport
ΓÜá Unsupported metadata viewport is 
configured in metadata export in 
/features/celebrity-comparison. Please 
move it to viewport export instead.
Read more: https://nextjs.org/docs/app/a
pi-reference/functions/generate-viewport
ΓÜá Unsupported metadata viewport is 
configured in metadata export in 
/features/milestone-map. Please move it 
to viewport export instead.
Read more: https://nextjs.org/docs/app/a
pi-reference/functions/generate-viewport
ΓÜá Unsupported metadata viewport is 
configured in metadata export in 
/admin-register. Please move it to 
viewport export instead.
Read more: https://nextjs.org/docs/app/a
pi-reference/functions/generate-viewport
ΓÜá Unsupported metadata viewport is 
configured in metadata export in 
/features/clapback-tracker. Please move 
it to viewport export instead.
Read more: https://nextjs.org/docs/app/a
pi-reference/functions/generate-viewport
ΓÜá Unsupported metadata viewport is 
configured in metadata export in 
/features/mention-index. Please move it 
to viewport export instead.
Read more: https://nextjs.org/docs/app/a
pi-reference/functions/generate-viewport
ΓÜá Unsupported metadata viewport is 
configured in metadata export in 
/admin/community-moderation. Please 
move it to viewport export instead.
Read more: https://nextjs.org/docs/app/a
pi-reference/functions/generate-viewport
ΓÜá Unsupported metadata viewport is 
configured in metadata export in 
/features/meme-gallery. Please move it 
to viewport export instead.
Read more: https://nextjs.org/docs/app/a
pi-reference/functions/generate-viewport
ΓÜá Unsupported metadata viewport is 
configured in metadata export in 
/admin. Please move it to viewport 
export instead.
Read more: https://nextjs.org/docs/app/a
pi-reference/functions/generate-viewport
ΓÜá Unsupported metadata viewport is 
configured in metadata export in 
/features/collaborations. Please move 
it to viewport export instead.
Read more: https://nextjs.org/docs/app/a
pi-reference/functions/generate-viewport
ΓÜá Unsupported metadata viewport is 
configured in metadata export in 
/features/top-10-gists. Please move it 
to viewport export instead.
Read more: https://nextjs.org/docs/app/a
pi-reference/functions/generate-viewport
ΓÜá Unsupported metadata viewport is 
configured in metadata export in 
/features/transparency-log. Please move 
it to viewport export instead.
Read more: https://nextjs.org/docs/app/a
pi-reference/functions/generate-viewport
ΓÜá Unsupported metadata viewport is 
configured in metadata export in 
/migrate-data. Please move it to 
viewport export instead.
Read more: https://nextjs.org/docs/app/a
pi-reference/functions/generate-viewport
ΓÜá Unsupported metadata viewport is 
configured in metadata export in 
/marketplace. Please move it to 
viewport export instead.
Read more: https://nextjs.org/docs/app/a
pi-reference/functions/generate-viewport
ΓÜá Unsupported metadata viewport is 
configured in metadata export in 
/breaking-news. Please move it to 
viewport export instead.
Read more: https://nextjs.org/docs/app/a
pi-reference/functions/generate-viewport
ΓÜá Unsupported metadata viewport is 
configured in metadata export in /. 
Please move it to viewport export 
instead.
Read more: https://nextjs.org/docs/app/a
pi-reference/functions/generate-viewport
  Generating static pages using 7 workers (28/113) 
ΓÜá Unsupported metadata viewport is 
configured in metadata export in 
/features/trending-widget. Please move 
it to viewport export instead.
Read more: https://nextjs.org/docs/app/a
pi-reference/functions/generate-viewport
ΓÜá Unsupported metadata viewport is 
configured in metadata export in 
/features/trending-personality. Please 
move it to viewport export instead.
Read more: https://nextjs.org/docs/app/a
pi-reference/functions/generate-viewport
ΓÜá Unsupported metadata viewport is 
configured in metadata export in 
/personal-details. Please move it to 
viewport export instead.
Read more: https://nextjs.org/docs/app/a
pi-reference/functions/generate-viewport
ΓÜá Unsupported metadata viewport is 
configured in metadata export in 
/features/update-notifications. Please 
move it to viewport export instead.
Read more: https://nextjs.org/docs/app/a
pi-reference/functions/generate-viewport
ΓÜá Unsupported metadata viewport is 
configured in metadata export in 
/features/watermarks. Please move it to 
viewport export instead.
Read more: https://nextjs.org/docs/app/a
pi-reference/functions/generate-viewport
ΓÜá Unsupported metadata viewport is 
configured in metadata export in 
/features. Please move it to viewport 
export instead.
Read more: https://nextjs.org/docs/app/a
pi-reference/functions/generate-viewport
ΓÜá Unsupported metadata viewport is 
configured in metadata export in 
/features/trending-hashtags. Please 
move it to viewport export instead.
Read more: https://nextjs.org/docs/app/a
pi-reference/functions/generate-viewport
ΓÜá Unsupported metadata viewport is 
configured in metadata export in 
/polls. Please move it to viewport 
export instead.
Read more: https://nextjs.org/docs/app/a
pi-reference/functions/generate-viewport
ΓÜá Unsupported metadata viewport is 
configured in metadata export in 
/features/platform-trends. Please move 
it to viewport export instead.
Read more: https://nextjs.org/docs/app/a
pi-reference/functions/generate-viewport
ΓÜá Unsupported metadata viewport is 
configured in metadata export in 
/features/verified-sources. Please move 
it to viewport export instead.
Read more: https://nextjs.org/docs/app/a
pi-reference/functions/generate-viewport
ΓÜá Unsupported metadata viewport is 
configured in metadata export in 
/features/platform-split. Please move 
it to viewport export instead.
Read more: https://nextjs.org/docs/app/a
pi-reference/functions/generate-viewport
ΓÜá Unsupported metadata viewport is 
configured in metadata export in 
/features/trust-score. Please move it 
to viewport export instead.
Read more: https://nextjs.org/docs/app/a
pi-reference/functions/generate-viewport
ΓÜá Unsupported metadata viewport is 
configured in metadata export in 
/features/poll-archive. Please move it 
to viewport export instead.
Read more: https://nextjs.org/docs/app/a
pi-reference/functions/generate-viewport
ΓÜá Unsupported metadata viewport is 
configured in metadata export in 
/marketplace/my-products. Please move 
it to viewport export instead.
Read more: https://nextjs.org/docs/app/a
pi-reference/functions/generate-viewport
ΓÜá Unsupported metadata viewport is 
configured in metadata export in 
/features/popularity-index. Please move 
it to viewport export instead.
Read more: https://nextjs.org/docs/app/a
pi-reference/functions/generate-viewport
ΓÜá Unsupported metadata viewport is 
configured in metadata export in 
/features/quote-highlights. Please move 
it to viewport export instead.
Read more: https://nextjs.org/docs/app/a
pi-reference/functions/generate-viewport
ΓÜá Unsupported metadata viewport is 
configured in metadata export in 
/features/quote-library. Please move it 
to viewport export instead.
Read more: https://nextjs.org/docs/app/a
pi-reference/functions/generate-viewport
ΓÜá Unsupported metadata viewport is 
configured in metadata export in 
/marketplace/submit-product. Please 
move it to viewport export instead.
Read more: https://nextjs.org/docs/app/a
pi-reference/functions/generate-viewport
ΓÜá Unsupported metadata viewport is 
configured in metadata export in 
/features/reaction-snapshot. Please 
move it to viewport export instead.
Read more: https://nextjs.org/docs/app/a
pi-reference/functions/generate-viewport
ΓÜá Unsupported metadata viewport is 
configured in metadata export in 
/channels. Please move it to viewport 
export instead.
Read more: https://nextjs.org/docs/app/a
pi-reference/functions/generate-viewport
ΓÜá Unsupported metadata viewport is 
configured in metadata export in 
/features/damage-control. Please move 
it to viewport export instead.
Read more: https://nextjs.org/docs/app/a
pi-reference/functions/generate-viewport
ΓÜá Unsupported metadata viewport is 
configured in metadata export in 
/features/update-banner. Please move it 
to viewport export instead.
Read more: https://nextjs.org/docs/app/a
pi-reference/functions/generate-viewport
ΓÜá Unsupported metadata viewport is 
configured in metadata export in 
/features/correction-badge. Please move 
it to viewport export instead.
Read more: https://nextjs.org/docs/app/a
pi-reference/functions/generate-viewport
ΓÜá Unsupported metadata viewport is 
configured in metadata export in 
/features/correction-timeline. Please 
move it to viewport export instead.
Read more: https://nextjs.org/docs/app/a
pi-reference/functions/generate-viewport
ΓÜá Unsupported metadata viewport is 
configured in metadata export in 
/features/content-warning. Please move 
it to viewport export instead.
Read more: https://nextjs.org/docs/app/a
pi-reference/functions/generate-viewport
ΓÜá Unsupported metadata viewport is 
configured in metadata export in 
/features/difficulty-level. Please move 
it to viewport export instead.
Read more: https://nextjs.org/docs/app/a
pi-reference/functions/generate-viewport
ΓÜá Unsupported metadata viewport is 
configured in metadata export in 
/community. Please move it to viewport 
export instead.
Read more: https://nextjs.org/docs/app/a
pi-reference/functions/generate-viewport
ΓÜá Unsupported metadata viewport is 
configured in metadata export in 
/features/donations. Please move it to 
viewport export instead.
Read more: https://nextjs.org/docs/app/a
pi-reference/functions/generate-viewport
ΓÜá Unsupported metadata viewport is 
configured in metadata export in 
/features/fake-accounts. Please move it 
to viewport export instead.
Read more: https://nextjs.org/docs/app/a
pi-reference/functions/generate-viewport
ΓÜá Unsupported metadata viewport is 
configured in metadata export in 
/features/fan-predictions. Please move 
it to viewport export instead.
Read more: https://nextjs.org/docs/app/a
pi-reference/functions/generate-viewport
ΓÜá Unsupported metadata viewport is 
configured in metadata export in 
/celebrity-news. Please move it to 
viewport export instead.
Read more: https://nextjs.org/docs/app/a
pi-reference/functions/generate-viewport
ΓÜá Unsupported metadata viewport is 
configured in metadata export in 
/features/what-changed. Please move it 
to viewport export instead.
Read more: https://nextjs.org/docs/app/a
pi-reference/functions/generate-viewport
ΓÜá Unsupported metadata viewport is 
configured in metadata export in 
/galleries. Please move it to viewport 
export instead.
Read more: https://nextjs.org/docs/app/a
pi-reference/functions/generate-viewport
ΓÜá Unsupported metadata viewport is 
configured in metadata export in 
/features/resolution-badge. Please move 
it to viewport export instead.
Read more: https://nextjs.org/docs/app/a
pi-reference/functions/generate-viewport
ΓÜá Unsupported metadata viewport is 
configured in metadata export in 
/features/recovery-tracker. Please move 
it to viewport export instead.
Read more: https://nextjs.org/docs/app/a
pi-reference/functions/generate-viewport
ΓÜá Unsupported metadata viewport is 
configured in metadata export in 
/features/reputation-score. Please move 
it to viewport export instead.
Read more: https://nextjs.org/docs/app/a
pi-reference/functions/generate-viewport
ΓÜá Unsupported metadata viewport is 
configured in metadata export in 
/features/redemption-stories. Please 
move it to viewport export instead.
Read more: https://nextjs.org/docs/app/a
pi-reference/functions/generate-viewport
ΓÜá Unsupported metadata viewport is 
configured in metadata export in 
/feedback. Please move it to viewport 
export instead.
Read more: https://nextjs.org/docs/app/a
pi-reference/functions/generate-viewport
ΓÜá Unsupported metadata viewport is 
configured in metadata export in 
/features/rivalry-meter. Please move it 
to viewport export instead.
Read more: https://nextjs.org/docs/app/a
pi-reference/functions/generate-viewport
  Generating static pages using 7 workers (56/113) 
ΓÜá Unsupported metadata viewport is 
configured in metadata export in 
/features/rumor-vs-reality. Please move 
it to viewport export instead.
Read more: https://nextjs.org/docs/app/a
pi-reference/functions/generate-viewport
ΓÜá Unsupported metadata viewport is 
configured in metadata export in 
/features/screenshot-wall. Please move 
it to viewport export instead.
Read more: https://nextjs.org/docs/app/a
pi-reference/functions/generate-viewport
ΓÜá Unsupported metadata viewport is 
configured in metadata export in 
/gossip. Please move it to viewport 
export instead.
Read more: https://nextjs.org/docs/app/a
pi-reference/functions/generate-viewport
ΓÜá Unsupported metadata viewport is 
configured in metadata export in 
/privacy-policy. Please move it to 
viewport export instead.
Read more: https://nextjs.org/docs/app/a
pi-reference/functions/generate-viewport
ΓÜá Unsupported metadata viewport is 
configured in metadata export in 
/dashboard. Please move it to viewport 
export instead.
Read more: https://nextjs.org/docs/app/a
pi-reference/functions/generate-viewport
ΓÜá Unsupported metadata viewport is 
configured in metadata export in 
/private-messages. Please move it to 
viewport export instead.
Read more: https://nextjs.org/docs/app/a
pi-reference/functions/generate-viewport
ΓÜá Unsupported metadata viewport is 
configured in metadata export in 
/features/fanbase-score. Please move it 
to viewport export instead.
Read more: https://nextjs.org/docs/app/a
pi-reference/functions/generate-viewport
ΓÜá Unsupported metadata viewport is 
configured in metadata export in 
/features/fan-shoutouts. Please move it 
to viewport export instead.
Read more: https://nextjs.org/docs/app/a
pi-reference/functions/generate-viewport
ΓÜá Unsupported metadata viewport is 
configured in metadata export in 
/debug-admin-requests. Please move it 
to viewport export instead.
Read more: https://nextjs.org/docs/app/a
pi-reference/functions/generate-viewport
ΓÜá Unsupported metadata viewport is 
configured in metadata export in 
/facial-verification. Please move it to 
viewport export instead.
Read more: https://nextjs.org/docs/app/a
pi-reference/functions/generate-viewport
ΓÜá Unsupported metadata viewport is 
configured in metadata export in 
/features/first-reported. Please move 
it to viewport export instead.
Read more: https://nextjs.org/docs/app/a
pi-reference/functions/generate-viewport
ΓÜá Unsupported metadata viewport is 
configured in metadata export in 
/features/flashback-friday. Please move 
it to viewport export instead.
Read more: https://nextjs.org/docs/app/a
pi-reference/functions/generate-viewport
ΓÜá Unsupported metadata viewport is 
configured in metadata export in 
/register. Please move it to viewport 
export instead.
Read more: https://nextjs.org/docs/app/a
pi-reference/functions/generate-viewport
ΓÜá Unsupported metadata viewport is 
configured in metadata export in 
/features/font-adjuster. Please move it 
to viewport export instead.
Read more: https://nextjs.org/docs/app/a
pi-reference/functions/generate-viewport
ΓÜá Unsupported metadata viewport is 
configured in metadata export in 
/features/gist-countdown. Please move 
it to viewport export instead.
Read more: https://nextjs.org/docs/app/a
pi-reference/functions/generate-viewport
ΓÜá Unsupported metadata viewport is 
configured in metadata export in 
/features/growth-graph. Please move it 
to viewport export instead.
Read more: https://nextjs.org/docs/app/a
pi-reference/functions/generate-viewport
ΓÜá Unsupported metadata viewport is 
configured in metadata export in /faq. 
Please move it to viewport export 
instead.
Read more: https://nextjs.org/docs/app/a
pi-reference/functions/generate-viewport
ΓÜá Unsupported metadata viewport is 
configured in metadata export in 
/setup-demo. Please move it to viewport 
export instead.
Read more: https://nextjs.org/docs/app/a
pi-reference/functions/generate-viewport
ΓÜá Unsupported metadata viewport is 
configured in metadata export in 
/entertainment. Please move it to 
viewport export instead.
Read more: https://nextjs.org/docs/app/a
pi-reference/functions/generate-viewport
ΓÜá Unsupported metadata viewport is 
configured in metadata export in 
/contact. Please move it to viewport 
export instead.
Read more: https://nextjs.org/docs/app/a
pi-reference/functions/generate-viewport
ΓÜá Unsupported metadata viewport is 
configured in metadata export in 
/socials. Please move it to viewport 
export instead.
Read more: https://nextjs.org/docs/app/a
pi-reference/functions/generate-viewport
ΓÜá Unsupported metadata viewport is 
configured in metadata export in 
/features/age-tagging. Please move it 
to viewport export instead.
Read more: https://nextjs.org/docs/app/a
pi-reference/functions/generate-viewport
ΓÜá Unsupported metadata viewport is 
configured in metadata export in 
/submit-news. Please move it to 
viewport export instead.
Read more: https://nextjs.org/docs/app/a
pi-reference/functions/generate-viewport
ΓÜá Unsupported metadata viewport is 
configured in metadata export in 
/super-admin/news-management. Please 
move it to viewport export instead.
Read more: https://nextjs.org/docs/app/a
pi-reference/functions/generate-viewport
ΓÜá Unsupported metadata viewport is 
configured in metadata export in 
/interviews. Please move it to viewport 
export instead.
Read more: https://nextjs.org/docs/app/a
pi-reference/functions/generate-viewport
  Generating static pages using 7 workers (84/113) 
ΓÜá Unsupported metadata viewport is 
configured in metadata export in 
/location. Please move it to viewport 
export instead.
Read more: https://nextjs.org/docs/app/a
pi-reference/functions/generate-viewport
ΓÜá Unsupported metadata viewport is 
configured in metadata export in 
/group-chats. Please move it to 
viewport export instead.
Read more: https://nextjs.org/docs/app/a
pi-reference/functions/generate-viewport
ΓÜá Unsupported metadata viewport is 
configured in metadata export in 
/terms-copyright. Please move it to 
viewport export instead.
Read more: https://nextjs.org/docs/app/a
pi-reference/functions/generate-viewport
ΓÜá Unsupported metadata viewport is 
configured in metadata export in 
/terms. Please move it to viewport 
export instead.
Read more: https://nextjs.org/docs/app/a
pi-reference/functions/generate-viewport
ΓÜá Unsupported metadata viewport is 
configured in metadata export in 
/trending-stories. Please move it to 
viewport export instead.
Read more: https://nextjs.org/docs/app/a
pi-reference/functions/generate-viewport
ΓÜá Unsupported metadata viewport is 
configured in metadata export in 
/verification-pending. Please move it 
to viewport export instead.
Read more: https://nextjs.org/docs/app/a
pi-reference/functions/generate-viewport
ΓÜá Unsupported metadata viewport is 
configured in metadata export in 
/viral-content. Please move it to 
viewport export instead.
Read more: https://nextjs.org/docs/app/a
pi-reference/functions/generate-viewport
Γ£ô Generating static pages using 7 workers (113/113) in 9.8s
  Finalizing page optimization ...

Route (app)
Γöî Γùï /
Γö£ Γùï /_not-found
Γö£ Γùï /about
Γö£ Γùï /about-us
Γö£ Γùï /admin
Γö£ Γùï /admin-register
Γö£ Γùï /admin/community-moderation
Γö£ ╞Æ /api/admin/news
Γö£ ╞Æ /api/admins
Γö£ ╞Æ /api/news/get
Γö£ ╞Æ /api/news/update
Γö£ ╞Æ /api/search
Γö£ ╞Æ /api/users/[userId]
Γö£ Γùï /breaking-news
Γö£ Γùï /celebrity-news
Γö£ Γùï /channels
Γö£ Γùï /community
Γö£ Γùï /contact
Γö£ Γùï /dashboard
Γö£ Γùï /debug-admin-requests
Γö£ Γùï /entertainment
Γö£ Γùï /facial-verification
Γö£ Γùï /faq
Γö£ Γùï /features
Γö£ Γùï /features/age-tagging
Γö£ Γùï /features/anniversaries
Γö£ Γùï /features/apology-archive
Γö£ Γùï /features/auto-pin-gist
Γö£ Γùï /features/birthday-alerts
Γö£ Γùï /features/brand-tracker
Γö£ Γùï /features/celebrity-comparison
Γö£ Γùï /features/clapback-tracker
Γö£ Γùï /features/collaborations
Γö£ Γùï /features/content-warning
Γö£ Γùï /features/correction-badge
Γö£ Γùï /features/correction-timeline
Γö£ Γùï /features/damage-control
Γö£ Γùï /features/difficulty-level
Γö£ Γùï /features/donations
Γö£ Γùï /features/fake-accounts
Γö£ Γùï /features/fan-predictions
Γö£ Γùï /features/fan-shoutouts
Γö£ Γùï /features/fanbase-score
Γö£ Γùï /features/first-reported
Γö£ Γùï /features/flashback-friday
Γö£ Γùï /features/font-adjuster
Γö£ Γùï /features/gist-countdown
Γö£ Γùï /features/growth-graph
Γö£ Γùï /features/hall-of-fame
Γö£ Γùï /features/handle-verifier
Γö£ Γùï /features/legal-tracker
Γö£ Γùï /features/long-read
Γö£ Γùï /features/loyalty-streaks
Γö£ Γùï /features/meme-gallery
Γö£ Γùï /features/mention-index
Γö£ Γùï /features/milestone-map
Γö£ Γùï /features/platform-split
Γö£ Γùï /features/platform-trends
Γö£ Γùï /features/poll-archive
Γö£ Γùï /features/popularity-index
Γö£ Γùï /features/quote-highlights
Γö£ Γùï /features/quote-library
Γö£ Γùï /features/reaction-snapshot
Γö£ Γùï /features/recovery-tracker
Γö£ Γùï /features/redemption-stories
Γö£ Γùï /features/reputation-score
Γö£ Γùï /features/resolution-badge
Γö£ Γùï /features/rivalry-meter
Γö£ Γùï /features/rumor-vs-reality
Γö£ Γùï /features/screenshot-wall
Γö£ Γùï /features/source-attribution
Γö£ Γùï /features/statement-compare
Γö£ Γùï /features/story-drop-countdown
Γö£ Γùï /features/tag-linking
Γö£ Γùï /features/timeline-compare
Γö£ Γùï /features/tldr
Γö£ Γùï /features/top-10-gists
Γö£ Γùï /features/transparency-log
Γö£ Γùï /features/trending-hashtags
Γö£ Γùï /features/trending-personality
Γö£ Γùï /features/trending-widget
Γö£ Γùï /features/trust-score
Γö£ Γùï /features/update-banner
Γö£ Γùï /features/update-notifications
Γö£ Γùï /features/verified-sources
Γö£ Γùï /features/watermarks
Γö£ Γùï /features/what-changed
Γö£ Γùï /feedback
Γö£ Γùï /galleries
Γö£ Γùï /gossip
Γö£ Γùï /group-chats
Γö£ Γùï /interviews
Γö£ Γùï /location
Γö£ Γùï /login
Γö£ Γùï /marketplace
Γö£ Γùï /marketplace/my-products
Γö£ Γùï /marketplace/submit-product
Γö£ Γùï /migrate-data
Γö£ ╞Æ /news/[id]
Γö£ Γùï /personal-details
Γö£ Γùï /polls
Γö£ Γùï /privacy-policy
Γö£ Γùï /private-messages
Γö£ ╞Æ /profile/[userId]
Γö£ Γùï /register
Γö£ Γùï /setup-demo
Γö£ Γùï /sitemap.xml
Γö£ Γùï /socials
Γö£ Γùï /submit-news
Γö£ Γùï /super-admin/news-management
Γö£ Γùï /terms
Γö£ Γùï /terms-copyright
Γö£ Γùï /trending-stories
Γö£ Γùï /verification-pending
Γöö Γùï /viral-content


Γùï  (Static)   prerendered as static content
╞Æ  (Dynamic)  server-rendered on demand

